version https://git-lfs.github.com/spec/v1
oid sha256:1b54658f5b38f27c63723e8afc4a935dc0d078fc625cdaeaf59283d5033931d7
size 10491
