version https://git-lfs.github.com/spec/v1
oid sha256:b4d883d8a0302ea09c9eb0a1d2c7d64bc10f59f3b7f8a85c91ffd0d87471f56c
size 305
